Manifest-Version: 1.0
Bundle-License: http://www.apache.org/licenses/LICENSE-2.0.txt
Bundle-SymbolicName: seal.jackson-databind
Bnd-LastModified: 1648519232867
Implementation-Vendor-Id: seal
Specification-Title: jackson-databind
Bundle-DocURL: http://github.com/FasterXML/jackson
Import-Package: com.fasterxml.jackson.annotation;version="[2.13,3)",co
 m.fasterxml.jackson.core;version="[2.13,3)",com.fasterxml.jackson.cor
 e.base;version="[2.13,3)",com.fasterxml.jackson.core.exc;version="[2.
 13,3)",com.fasterxml.jackson.core.filter;version="[2.13,3)",com.faste
 rxml.jackson.core.format;version="[2.13,3)",com.fasterxml.jackson.cor
 e.io;version="[2.13,3)",com.fasterxml.jackson.core.json;version="[2.1
 3,3)",com.fasterxml.jackson.core.type;version="[2.13,3)",com.fasterxm
 l.jackson.core.util;version="[2.13,3)",com.fasterxml.jackson.databind
 ;version="[2.13,3)",com.fasterxml.jackson.databind.annotation;version
 ="[2.13,3)",com.fasterxml.jackson.databind.cfg;version="[2.13,3)",com
 .fasterxml.jackson.databind.deser;version="[2.13,3)",com.fasterxml.ja
 ckson.databind.deser.impl;version="[2.13,3)",com.fasterxml.jackson.da
 tabind.deser.std;version="[2.13,3)",com.fasterxml.jackson.databind.ex
 c;version="[2.13,3)",com.fasterxml.jackson.databind.ext;version="[2.1
 3,3)",com.fasterxml.jackson.databind.introspect;version="[2.13,3)",co
 m.fasterxml.jackson.databind.jdk14;version="[2.13,3)",com.fasterxml.j
 ackson.databind.json;version="[2.13,3)",com.fasterxml.jackson.databin
 d.jsonFormatVisitors;version="[2.13,3)",com.fasterxml.jackson.databin
 d.jsonschema;version="[2.13,3)",com.fasterxml.jackson.databind.jsonty
 pe;version="[2.13,3)",com.fasterxml.jackson.databind.jsontype.impl;ve
 rsion="[2.13,3)",com.fasterxml.jackson.databind.node;version="[2.13,3
 )",com.fasterxml.jackson.databind.ser;version="[2.13,3)",com.fasterxm
 l.jackson.databind.ser.impl;version="[2.13,3)",com.fasterxml.jackson.
 databind.ser.std;version="[2.13,3)",com.fasterxml.jackson.databind.ty
 pe;version="[2.13,3)",com.fasterxml.jackson.databind.util;version="[2
 .13,3)",javax.xml.datatype,javax.xml.namespace,javax.xml.parsers,java
 x.xml.transform,javax.xml.transform.dom,javax.xml.transform.stream,or
 g.w3c.dom,org.w3c.dom.bootstrap;resolution:=optional,org.xml.sax
Require-Capability: osgi.ee;filter:="(&(osgi.ee=JavaSE)(version=1.8))"
Implementation-Build-Date: 2022-03-29 02:00:27+0000
Export-Package: com.fasterxml.jackson.databind;uses:="com.fasterxml.ja
 ckson.annotation,com.fasterxml.jackson.core,com.fasterxml.jackson.cor
 e.exc,com.fasterxml.jackson.core.filter,com.fasterxml.jackson.core.fo
 rmat,com.fasterxml.jackson.core.io,com.fasterxml.jackson.core.type,co
 m.fasterxml.jackson.core.util,com.fasterxml.jackson.databind.annotati
 on,com.fasterxml.jackson.databind.cfg,com.fasterxml.jackson.databind.
 deser,com.fasterxml.jackson.databind.deser.impl,com.fasterxml.jackson
 .databind.introspect,com.fasterxml.jackson.databind.jsonFormatVisitor
 s,com.fasterxml.jackson.databind.jsonschema,com.fasterxml.jackson.dat
 abind.jsontype,com.fasterxml.jackson.databind.jsontype.impl,com.faste
 rxml.jackson.databind.node,com.fasterxml.jackson.databind.ser,com.fas
 terxml.jackson.databind.ser.impl,com.fasterxml.jackson.databind.type,
 com.fasterxml.jackson.databind.util";version="2.13.2.2",com.fasterxml
 .jackson.databind.annotation;uses:="com.fasterxml.jackson.annotation,
 com.fasterxml.jackson.databind,com.fasterxml.jackson.databind.deser,c
 om.fasterxml.jackson.databind.jsontype,com.fasterxml.jackson.databind
 .ser,com.fasterxml.jackson.databind.util";version="2.13.2.2",com.fast
 erxml.jackson.databind.cfg;uses:="com.fasterxml.jackson.annotation,co
 m.fasterxml.jackson.core,com.fasterxml.jackson.core.type,com.fasterxm
 l.jackson.databind,com.fasterxml.jackson.databind.deser,com.fasterxml
 .jackson.databind.introspect,com.fasterxml.jackson.databind.jsontype,
 com.fasterxml.jackson.databind.node,com.fasterxml.jackson.databind.se
 r,com.fasterxml.jackson.databind.type,com.fasterxml.jackson.databind.
 util";version="2.13.2.2",com.fasterxml.jackson.databind.deser;uses:="
 com.fasterxml.jackson.annotation,com.fasterxml.jackson.core,com.faste
 rxml.jackson.core.format,com.fasterxml.jackson.databind,com.fasterxml
 .jackson.databind.annotation,com.fasterxml.jackson.databind.cfg,com.f
 asterxml.jackson.databind.deser.impl,com.fasterxml.jackson.databind.d
 eser.std,com.fasterxml.jackson.databind.introspect,com.fasterxml.jack
 son.databind.jsonFormatVisitors,com.fasterxml.jackson.databind.jsonty
 pe,com.fasterxml.jackson.databind.type,com.fasterxml.jackson.databind
 .util";version="2.13.2.2",com.fasterxml.jackson.databind.deser.impl;u
 ses:="com.fasterxml.jackson.annotation,com.fasterxml.jackson.core,com
 .fasterxml.jackson.databind,com.fasterxml.jackson.databind.cfg,com.fa
 sterxml.jackson.databind.deser,com.fasterxml.jackson.databind.deser.s
 td,com.fasterxml.jackson.databind.introspect,com.fasterxml.jackson.da
 tabind.jsontype,com.fasterxml.jackson.databind.type,com.fasterxml.jac
 kson.databind.util";version="2.13.2.2",com.fasterxml.jackson.databind
 .deser.std;uses:="com.fasterxml.jackson.annotation,com.fasterxml.jack
 son.core,com.fasterxml.jackson.databind,com.fasterxml.jackson.databin
 d.annotation,com.fasterxml.jackson.databind.cfg,com.fasterxml.jackson
 .databind.deser,com.fasterxml.jackson.databind.deser.impl,com.fasterx
 ml.jackson.databind.introspect,com.fasterxml.jackson.databind.jsontyp
 e,com.fasterxml.jackson.databind.type,com.fasterxml.jackson.databind.
 util";version="2.13.2.2",com.fasterxml.jackson.databind.exc;uses:="co
 m.fasterxml.jackson.core,com.fasterxml.jackson.databind,com.fasterxml
 .jackson.databind.introspect";version="2.13.2.2",com.fasterxml.jackso
 n.databind.ext;uses:="com.fasterxml.jackson.core,com.fasterxml.jackso
 n.databind,com.fasterxml.jackson.databind.annotation,com.fasterxml.ja
 ckson.databind.deser,com.fasterxml.jackson.databind.deser.std,com.fas
 terxml.jackson.databind.introspect,com.fasterxml.jackson.databind.jso
 nFormatVisitors,com.fasterxml.jackson.databind.jsontype,com.fasterxml
 .jackson.databind.ser,com.fasterxml.jackson.databind.ser.std,javax.xm
 l.datatype,javax.xml.parsers,javax.xml.transform,org.w3c.dom";version
 ="2.13.2.2",com.fasterxml.jackson.databind.introspect;uses:="com.fast
 erxml.jackson.annotation,com.fasterxml.jackson.core,com.fasterxml.jac
 kson.databind,com.fasterxml.jackson.databind.annotation,com.fasterxml
 .jackson.databind.cfg,com.fasterxml.jackson.databind.jsontype,com.fas
 terxml.jackson.databind.jsontype.impl,com.fasterxml.jackson.databind.
 ser,com.fasterxml.jackson.databind.type,com.fasterxml.jackson.databin
 d.util";version="2.13.2.2",com.fasterxml.jackson.databind.jdk14;uses:
 ="com.fasterxml.jackson.databind,com.fasterxml.jackson.databind.intro
 spect";version="2.13.2.2",com.fasterxml.jackson.databind.json;uses:="
 com.fasterxml.jackson.core,com.fasterxml.jackson.core.json,com.faster
 xml.jackson.databind,com.fasterxml.jackson.databind.cfg";version="2.1
 3.2.2",com.fasterxml.jackson.databind.jsonFormatVisitors;uses:="com.f
 asterxml.jackson.annotation,com.fasterxml.jackson.core,com.fasterxml.
 jackson.databind";version="2.13.2.2",com.fasterxml.jackson.databind.j
 sonschema;uses:="com.fasterxml.jackson.annotation,com.fasterxml.jacks
 on.databind,com.fasterxml.jackson.databind.node";version="2.13.2.2",c
 om.fasterxml.jackson.databind.jsontype;uses:="com.fasterxml.jackson.a
 nnotation,com.fasterxml.jackson.core,com.fasterxml.jackson.core.type,
 com.fasterxml.jackson.databind,com.fasterxml.jackson.databind.cfg,com
 .fasterxml.jackson.databind.introspect";version="2.13.2.2",com.faster
 xml.jackson.databind.jsontype.impl;uses:="com.fasterxml.jackson.annot
 ation,com.fasterxml.jackson.core,com.fasterxml.jackson.core.type,com.
 fasterxml.jackson.databind,com.fasterxml.jackson.databind.cfg,com.fas
 terxml.jackson.databind.introspect,com.fasterxml.jackson.databind.jso
 ntype,com.fasterxml.jackson.databind.type,com.fasterxml.jackson.datab
 ind.util";version="2.13.2.2",com.fasterxml.jackson.databind.module;us
 es:="com.fasterxml.jackson.core,com.fasterxml.jackson.databind,com.fa
 sterxml.jackson.databind.deser,com.fasterxml.jackson.databind.jsontyp
 e,com.fasterxml.jackson.databind.ser,com.fasterxml.jackson.databind.t
 ype";version="2.13.2.2",com.fasterxml.jackson.databind.node;uses:="co
 m.fasterxml.jackson.core,com.fasterxml.jackson.core.base,com.fasterxm
 l.jackson.core.util,com.fasterxml.jackson.databind,com.fasterxml.jack
 son.databind.jsontype,com.fasterxml.jackson.databind.util";version="2
 .13.2.2",com.fasterxml.jackson.databind.ser;uses:="com.fasterxml.jack
 son.annotation,com.fasterxml.jackson.core,com.fasterxml.jackson.core.
 io,com.fasterxml.jackson.databind,com.fasterxml.jackson.databind.anno
 tation,com.fasterxml.jackson.databind.cfg,com.fasterxml.jackson.datab
 ind.introspect,com.fasterxml.jackson.databind.jsonFormatVisitors,com.
 fasterxml.jackson.databind.jsonschema,com.fasterxml.jackson.databind.
 jsontype,com.fasterxml.jackson.databind.node,com.fasterxml.jackson.da
 tabind.ser.impl,com.fasterxml.jackson.databind.ser.std,com.fasterxml.
 jackson.databind.type,com.fasterxml.jackson.databind.util";version="2
 .13.2.2",com.fasterxml.jackson.databind.ser.impl;uses:="com.fasterxml
 .jackson.annotation,com.fasterxml.jackson.core,com.fasterxml.jackson.
 core.io,com.fasterxml.jackson.databind,com.fasterxml.jackson.databind
 .annotation,com.fasterxml.jackson.databind.cfg,com.fasterxml.jackson.
 databind.introspect,com.fasterxml.jackson.databind.jsonFormatVisitors
 ,com.fasterxml.jackson.databind.jsontype,com.fasterxml.jackson.databi
 nd.node,com.fasterxml.jackson.databind.ser,com.fasterxml.jackson.data
 bind.ser.std,com.fasterxml.jackson.databind.util";version="2.13.2.2",
 com.fasterxml.jackson.databind.ser.std;uses:="com.fasterxml.jackson.a
 nnotation,com.fasterxml.jackson.core,com.fasterxml.jackson.core.type,
 com.fasterxml.jackson.databind,com.fasterxml.jackson.databind.annotat
 ion,com.fasterxml.jackson.databind.introspect,com.fasterxml.jackson.d
 atabind.jsonFormatVisitors,com.fasterxml.jackson.databind.jsonschema,
 com.fasterxml.jackson.databind.jsontype,com.fasterxml.jackson.databin
 d.node,com.fasterxml.jackson.databind.ser,com.fasterxml.jackson.datab
 ind.ser.impl,com.fasterxml.jackson.databind.type,com.fasterxml.jackso
 n.databind.util";version="2.13.2.2",com.fasterxml.jackson.databind.ty
 pe;uses:="com.fasterxml.jackson.core,com.fasterxml.jackson.core.type,
 com.fasterxml.jackson.databind,com.fasterxml.jackson.databind.jsontyp
 e,com.fasterxml.jackson.databind.util";version="2.13.2.2",com.fasterx
 ml.jackson.databind.util;uses:="com.fasterxml.jackson.annotation,com.
 fasterxml.jackson.core,com.fasterxml.jackson.core.base,com.fasterxml.
 jackson.core.io,com.fasterxml.jackson.core.json,com.fasterxml.jackson
 .core.util,com.fasterxml.jackson.databind,com.fasterxml.jackson.datab
 ind.cfg,com.fasterxml.jackson.databind.introspect,com.fasterxml.jacks
 on.databind.jsontype,com.fasterxml.jackson.databind.type";version="2.
 13.2.2"
Bundle-Name: jackson-databind
Multi-Release: true
Build-Jdk-Spec: 1.8
Bundle-Description: General data-binding functionality for Jackson: wo
 rks on core streaming API
Implementation-Title: jackson-databind
Implementation-Version: 2.13.2.2
Bundle-ManifestVersion: 2
Specification-Vendor: FasterXML
Bundle-Vendor: FasterXML
Tool: Bnd-5.1.1.202006162103
Implementation-Vendor: FasterXML
Bundle-Version: 2.13.2.2
X-Compile-Target-JDK: 1.8
X-Compile-Source-JDK: 1.8
Created-By: Apache Maven Bundle Plugin
Specification-Version: 2.13.2.2

